[2026-08-03T11:17:26.692Z] Dashboard running at http://0.0.0.0:3099
[2026-08-03T11:29:41.720Z] Dashboard running at http://0.0.0.0:3099
[2026-08-03T12:34:34.354Z] Dashboard running at http://0.0.0.0:3099
[2026-08-03T12:41:47.643Z] Received SIGINT, saving state and exiting.
[2026-08-03T12:43:56.757Z] Dashboard running at http://0.0.0.0:3099
[2026-08-03T12:54:52.657Z] Received SIGINT, saving state and exiting.
[2026-08-03T12:54:52.661Z] Received SIGINT, saving state and exiting.
[2026-08-03T12:57:16.033Z] Dashboard running at http://0.0.0.0:3099
[2026-08-03T13:14:55.733Z] Received SIGINT, saving state and exiting.
[2026-08-03T13:14:55.737Z] Received SIGINT, saving state and exiting.
[2026-08-03T13:20:10.813Z] Dashboard listening on http://0.0.0.0:3099
[2026-08-03T13:20:10.829Z] PM2 event bus connected
[2026-08-03T13:20:10.852Z] ALERT: 🟠 corebanking-backend memory high: 6658 MB (threshold 5500 MB)
[2026-08-03T13:20:20.826Z] Throttled alert for corebanking-backend (memory)
[2026-08-03T13:20:30.826Z] Throttled alert for corebanking-backend (memory)
[2026-08-03T13:30:04.564Z] Dashboard listening on http://0.0.0.0:3099
[2026-08-03T13:30:04.578Z] PM2 event bus connected
[2026-08-05T07:31:59.662Z] Dashboard listening on http://0.0.0.0:3099
[2026-08-05T07:31:59.681Z] PM2 event bus connected
[2026-08-05T07:31:59.712Z] ALERT: 🟠 corebanking-backend memory high: 6759 MB (threshold 5500 MB)
[2026-08-05T07:32:09.673Z] Throttled alert → corebanking-backend (memory)
[2026-08-05T07:32:19.684Z] Throttled alert → corebanking-backend (memory)
[2026-08-05T07:32:29.683Z] Throttled alert → corebanking-backend (memory)
[2026-08-05T07:32:39.697Z] Throttled alert → corebanking-backend (memory)
[2026-08-05T07:32:49.702Z] Throttled alert → corebanking-backend (memory)
[2026-08-05T07:32:59.702Z] Throttled alert → corebanking-backend (memory)
[2026-08-05T07:33:09.702Z] Throttled alert → corebanking-backend (memory)
[2026-08-05T07:33:19.707Z] Throttled alert → corebanking-backend (memory)
[2026-08-05T07:33:28.775Z] Received SIGINT, saving state and exiting…
[2026-08-05T07:33:28.777Z] Received SIGINT, saving state and exiting…
[2026-08-05T07:33:28.965Z] Received SIGINT, saving state and exiting…
[2026-08-05T07:33:28.967Z] Received SIGINT, saving state and exiting…
[2026-08-05T07:33:29.707Z] Throttled alert → corebanking-backend (memory)
[2026-08-05T07:37:24.010Z] Dashboard listening on http://0.0.0.0:3099
[2026-08-05T07:37:24.023Z] PM2 event bus connected
[2026-08-05T07:37:24.049Z] ALERT: 🟠 corebanking-backend memory high: 6759 MB (threshold 5500 MB)
[2026-08-05T07:37:34.025Z] Throttled alert → corebanking-backend (memory)
[2026-08-05T07:37:44.022Z] Throttled alert → corebanking-backend (memory)
[2026-08-05T07:37:54.023Z] Throttled alert → corebanking-backend (memory)
[2026-08-05T07:38:04.023Z] Throttled alert → corebanking-backend (memory)
[2026-08-05T07:38:14.023Z] Throttled alert → corebanking-backend (memory)
[2026-08-05T07:38:24.024Z] Throttled alert → corebanking-backend (memory)
[2026-08-05T07:38:34.022Z] Throttled alert → corebanking-backend (memory)
[2026-08-05T07:38:44.025Z] Throttled alert → corebanking-backend (memory)
[2026-08-05T07:38:54.023Z] Throttled alert → corebanking-backend (memory)
[2026-08-05T07:39:04.024Z] Throttled alert → corebanking-backend (memory)
[2026-08-05T07:39:14.026Z] Throttled alert → corebanking-backend (memory)
[2026-08-05T07:39:24.024Z] Throttled alert → corebanking-backend (memory)
[2026-08-05T07:39:34.027Z] Throttled alert → corebanking-backend (memory)
[2026-08-05T07:39:44.027Z] Throttled alert → corebanking-backend (memory)
[2026-08-05T07:39:54.026Z] Throttled alert → corebanking-backend (memory)
[2026-08-05T07:40:04.029Z] Throttled alert → corebanking-backend (memory)
[2026-08-05T07:40:14.030Z] Throttled alert → corebanking-backend (memory)
[2026-08-05T07:40:24.030Z] Throttled alert → corebanking-backend (memory)
[2026-08-05T07:40:34.031Z] Throttled alert → corebanking-backend (memory)
[2026-08-05T07:40:44.030Z] Throttled alert → corebanking-backend (memory)
[2026-08-05T07:40:54.031Z] Throttled alert → corebanking-backend (memory)
[2026-08-05T07:41:04.032Z] Throttled alert → corebanking-backend (memory)
[2026-08-05T07:41:14.033Z] Throttled alert → corebanking-backend (memory)
[2026-08-05T07:41:24.033Z] Throttled alert → corebanking-backend (memory)
[2026-08-05T07:41:34.034Z] Throttled alert → corebanking-backend (memory)
[2026-08-05T07:41:44.033Z] Throttled alert → corebanking-backend (memory)
[2026-08-05T07:41:54.033Z] Throttled alert → corebanking-backend (memory)
[2026-08-05T07:42:04.035Z] Throttled alert → corebanking-backend (memory)
[2026-08-05T07:42:14.033Z] Throttled alert → corebanking-backend (memory)
[2026-08-05T07:42:24.034Z] Throttled alert → corebanking-backend (memory)
[2026-08-05T07:42:34.034Z] ALERT: 🟠 corebanking-backend memory high: 6759 MB (threshold 5500 MB)
[2026-08-05T07:42:44.036Z] Throttled alert → corebanking-backend (memory)
[2026-08-05T07:42:54.037Z] Throttled alert → corebanking-backend (memory)
[2026-08-05T07:43:04.041Z] Throttled alert → corebanking-backend (memory)
[2026-08-05T07:43:14.038Z] Throttled alert → corebanking-backend (memory)
[2026-08-05T07:43:24.131Z] Throttled alert → corebanking-backend (memory)
[2026-08-05T07:43:34.131Z] Throttled alert → corebanking-backend (memory)
[2026-08-05T07:43:44.132Z] Throttled alert → corebanking-backend (memory)
[2026-08-05T07:43:54.132Z] Throttled alert → corebanking-backend (memory)
[2026-08-05T07:44:04.134Z] Throttled alert → corebanking-backend (memory)
[2026-08-05T07:44:14.135Z] Throttled alert → corebanking-backend (memory)
[2026-08-05T07:44:24.134Z] Throttled alert → corebanking-backend (memory)
[2026-08-05T07:44:34.136Z] Throttled alert → corebanking-backend (memory)
[2026-08-05T07:44:44.136Z] Throttled alert → corebanking-backend (memory)
[2026-08-05T07:44:54.134Z] Throttled alert → corebanking-backend (memory)
[2026-08-05T07:45:04.135Z] Throttled alert → corebanking-backend (memory)
[2026-08-05T07:45:14.137Z] Throttled alert → corebanking-backend (memory)
[2026-08-05T07:45:24.136Z] Throttled alert → corebanking-backend (memory)
[2026-08-05T07:45:34.138Z] Throttled alert → corebanking-backend (memory)
[2026-08-05T07:45:44.135Z] Throttled alert → corebanking-backend (memory)
[2026-08-05T07:45:54.136Z] Throttled alert → corebanking-backend (memory)
[2026-08-05T07:46:04.138Z] Throttled alert → corebanking-backend (memory)
[2026-08-05T07:46:14.136Z] Throttled alert → corebanking-backend (memory)
[2026-08-05T07:46:24.139Z] Throttled alert → corebanking-backend (memory)
[2026-08-05T07:46:34.139Z] Throttled alert → corebanking-backend (memory)
[2026-08-05T07:46:44.140Z] Throttled alert → corebanking-backend (memory)
[2026-08-05T07:46:54.140Z] Throttled alert → corebanking-backend (memory)
[2026-08-05T07:47:04.143Z] Throttled alert → corebanking-backend (memory)
[2026-08-05T07:47:14.140Z] Throttled alert → corebanking-backend (memory)
[2026-08-05T07:47:24.142Z] Throttled alert → corebanking-backend (memory)
[2026-08-05T07:47:34.143Z] ALERT: 🟠 corebanking-backend memory high: 6759 MB (threshold 5500 MB)
[2026-08-05T07:47:44.143Z] Throttled alert → corebanking-backend (memory)
[2026-08-05T07:47:54.147Z] Throttled alert → corebanking-backend (memory)
[2026-08-05T07:48:04.144Z] Throttled alert → corebanking-backend (memory)
[2026-08-05T07:48:14.146Z] Throttled alert → corebanking-backend (memory)
[2026-08-05T07:48:24.145Z] Throttled alert → corebanking-backend (memory)
[2026-08-05T07:48:34.146Z] Throttled alert → corebanking-backend (memory)
[2026-08-05T07:48:44.145Z] Throttled alert → corebanking-backend (memory)
[2026-08-05T07:48:54.148Z] Throttled alert → corebanking-backend (memory)
[2026-08-05T07:49:04.145Z] Throttled alert → corebanking-backend (memory)
[2026-08-05T07:49:14.146Z] Throttled alert → corebanking-backend (memory)
[2026-08-05T07:49:24.147Z] Throttled alert → corebanking-backend (memory)
[2026-08-05T07:49:34.148Z] Throttled alert → corebanking-backend (memory)
[2026-08-05T07:49:44.147Z] Throttled alert → corebanking-backend (memory)
[2026-08-05T07:49:54.149Z] Throttled alert → corebanking-backend (memory)
[2026-08-05T07:50:04.149Z] Throttled alert → corebanking-backend (memory)
[2026-08-05T07:50:14.148Z] Throttled alert → corebanking-backend (memory)
[2026-08-05T07:50:24.149Z] Throttled alert → corebanking-backend (memory)
[2026-08-05T07:50:34.151Z] Throttled alert → corebanking-backend (memory)
[2026-08-05T07:50:44.151Z] Throttled alert → corebanking-backend (memory)
[2026-08-05T07:50:54.150Z] Throttled alert → corebanking-backend (memory)
[2026-08-05T07:51:04.152Z] Throttled alert → corebanking-backend (memory)
[2026-08-05T07:51:14.152Z] Throttled alert → corebanking-backend (memory)
[2026-08-05T07:51:24.153Z] Throttled alert → corebanking-backend (memory)
[2026-08-05T07:51:34.152Z] Throttled alert → corebanking-backend (memory)
[2026-08-05T07:51:44.151Z] Throttled alert → corebanking-backend (memory)
[2026-08-05T07:51:54.152Z] Throttled alert → corebanking-backend (memory)
[2026-08-05T07:52:04.153Z] Throttled alert → corebanking-backend (memory)
[2026-08-05T07:52:14.153Z] Throttled alert → corebanking-backend (memory)
[2026-08-05T07:52:24.154Z] Throttled alert → corebanking-backend (memory)
[2026-08-05T07:52:34.156Z] ALERT: 🟠 corebanking-backend memory high: 6759 MB (threshold 5500 MB)
[2026-08-05T07:52:44.155Z] Throttled alert → corebanking-backend (memory)
[2026-08-05T07:52:54.156Z] Throttled alert → corebanking-backend (memory)
[2026-08-05T07:53:04.157Z] Throttled alert → corebanking-backend (memory)
[2026-08-05T07:53:14.157Z] Throttled alert → corebanking-backend (memory)
[2026-08-05T07:53:24.157Z] Throttled alert → corebanking-backend (memory)
[2026-08-05T07:53:34.160Z] Throttled alert → corebanking-backend (memory)
[2026-08-05T07:53:44.158Z] Throttled alert → corebanking-backend (memory)
[2026-08-05T07:53:54.159Z] Throttled alert → corebanking-backend (memory)
[2026-08-05T07:54:04.159Z] Throttled alert → corebanking-backend (memory)
[2026-08-05T07:54:14.160Z] Throttled alert → corebanking-backend (memory)
[2026-08-05T07:54:24.163Z] Throttled alert → corebanking-backend (memory)
[2026-08-05T07:54:34.162Z] Throttled alert → corebanking-backend (memory)
[2026-08-05T07:54:44.161Z] Throttled alert → corebanking-backend (memory)
[2026-08-05T07:54:54.163Z] Throttled alert → corebanking-backend (memory)
[2026-08-05T07:55:04.162Z] Throttled alert → corebanking-backend (memory)
[2026-08-05T07:55:14.163Z] Throttled alert → corebanking-backend (memory)
[2026-08-05T07:55:24.165Z] Throttled alert → corebanking-backend (memory)
[2026-08-05T07:55:34.165Z] Throttled alert → corebanking-backend (memory)
[2026-08-05T07:55:44.164Z] Throttled alert → corebanking-backend (memory)
[2026-08-05T07:55:54.166Z] Throttled alert → corebanking-backend (memory)
[2026-08-05T07:56:04.164Z] Throttled alert → corebanking-backend (memory)
[2026-08-05T07:56:14.164Z] Throttled alert → corebanking-backend (memory)
[2026-08-05T07:56:24.164Z] Throttled alert → corebanking-backend (memory)
[2026-08-05T07:56:34.164Z] Throttled alert → corebanking-backend (memory)
[2026-08-05T07:56:44.164Z] Throttled alert → corebanking-backend (memory)
[2026-08-05T07:56:54.167Z] Throttled alert → corebanking-backend (memory)
[2026-08-05T07:57:04.165Z] Throttled alert → corebanking-backend (memory)
[2026-08-05T07:57:14.167Z] Throttled alert → corebanking-backend (memory)
[2026-08-05T07:57:24.167Z] Throttled alert → corebanking-backend (memory)
[2026-08-05T07:57:34.167Z] ALERT: 🟠 corebanking-backend memory high: 6759 MB (threshold 5500 MB)
[2026-08-05T07:57:44.167Z] Throttled alert → corebanking-backend (memory)
[2026-08-05T07:57:54.167Z] Throttled alert → corebanking-backend (memory)
[2026-08-05T07:58:04.167Z] Throttled alert → corebanking-backend (memory)
[2026-08-05T07:58:14.166Z] Throttled alert → corebanking-backend (memory)
[2026-08-05T07:58:24.167Z] Throttled alert → corebanking-backend (memory)
[2026-08-05T07:58:34.166Z] Throttled alert → corebanking-backend (memory)
[2026-08-05T07:58:44.169Z] Throttled alert → corebanking-backend (memory)
[2026-08-05T07:58:54.168Z] Throttled alert → corebanking-backend (memory)
[2026-08-05T07:59:04.169Z] Throttled alert → corebanking-backend (memory)
[2026-08-05T07:59:14.169Z] Throttled alert → corebanking-backend (memory)
[2026-08-05T07:59:24.172Z] Throttled alert → corebanking-backend (memory)
[2026-08-05T07:59:34.171Z] Throttled alert → corebanking-backend (memory)
[2026-08-05T07:59:44.172Z] Throttled alert → corebanking-backend (memory)
[2026-08-05T07:59:54.173Z] Throttled alert → corebanking-backend (memory)
[2026-08-05T08:00:04.173Z] Throttled alert → corebanking-backend (memory)
[2026-08-05T08:00:14.172Z] Throttled alert → corebanking-backend (memory)
[2026-08-05T08:00:24.174Z] Throttled alert → corebanking-backend (memory)
[2026-08-05T08:00:34.174Z] Throttled alert → corebanking-backend (memory)
[2026-08-05T08:00:44.174Z] Throttled alert → corebanking-backend (memory)
[2026-08-05T08:00:54.174Z] Throttled alert → corebanking-backend (memory)
[2026-08-05T08:01:04.176Z] Throttled alert → corebanking-backend (memory)
[2026-08-05T08:01:14.176Z] Throttled alert → corebanking-backend (memory)
[2026-08-05T08:01:24.178Z] Throttled alert → corebanking-backend (memory)
[2026-08-05T08:01:34.178Z] Throttled alert → corebanking-backend (memory)
[2026-08-05T08:01:44.177Z] Throttled alert → corebanking-backend (memory)
[2026-08-05T08:01:54.176Z] Throttled alert → corebanking-backend (memory)
[2026-08-05T08:02:04.176Z] Throttled alert → corebanking-backend (memory)
[2026-08-05T08:02:14.175Z] Throttled alert → corebanking-backend (memory)
[2026-08-05T08:02:24.175Z] Throttled alert → corebanking-backend (memory)
[2026-08-05T08:02:34.176Z] ALERT: 🟠 corebanking-backend memory high: 6759 MB (threshold 5500 MB)
[2026-08-05T08:02:44.177Z] Throttled alert → corebanking-backend (memory)
[2026-08-05T08:02:54.177Z] Throttled alert → corebanking-backend (memory)
[2026-08-05T08:03:04.177Z] Throttled alert → corebanking-backend (memory)
[2026-08-05T08:03:14.179Z] Throttled alert → corebanking-backend (memory)
[2026-08-05T08:03:24.180Z] Throttled alert → corebanking-backend (memory)
[2026-08-05T08:03:34.181Z] Throttled alert → corebanking-backend (memory)
[2026-08-05T08:03:44.180Z] Throttled alert → corebanking-backend (memory)
[2026-08-05T08:03:54.180Z] Throttled alert → corebanking-backend (memory)
[2026-08-05T08:04:04.182Z] Throttled alert → corebanking-backend (memory)
[2026-08-05T08:04:14.181Z] Throttled alert → corebanking-backend (memory)
[2026-08-05T08:04:24.180Z] Throttled alert → corebanking-backend (memory)
[2026-08-05T08:04:34.181Z] Throttled alert → corebanking-backend (memory)
[2026-08-05T08:04:44.180Z] Throttled alert → corebanking-backend (memory)
[2026-08-05T08:04:54.184Z] Throttled alert → corebanking-backend (memory)
[2026-08-05T08:05:04.183Z] Throttled alert → corebanking-backend (memory)
[2026-08-05T08:05:14.182Z] Throttled alert → corebanking-backend (memory)
[2026-08-05T08:05:24.182Z] Throttled alert → corebanking-backend (memory)
[2026-08-05T08:05:34.181Z] Throttled alert → corebanking-backend (memory)
[2026-08-05T08:05:44.181Z] Throttled alert → corebanking-backend (memory)
[2026-08-05T08:05:54.182Z] Throttled alert → corebanking-backend (memory)
[2026-08-05T08:06:04.183Z] Throttled alert → corebanking-backend (memory)
[2026-08-05T08:06:14.185Z] Throttled alert → corebanking-backend (memory)
[2026-08-05T08:06:24.182Z] Throttled alert → corebanking-backend (memory)
[2026-08-05T08:06:34.186Z] Throttled alert → corebanking-backend (memory)
[2026-08-05T08:06:44.183Z] Throttled alert → corebanking-backend (memory)
[2026-08-05T08:06:54.185Z] Throttled alert → corebanking-backend (memory)
[2026-08-05T08:07:04.185Z] Throttled alert → corebanking-backend (memory)
[2026-08-05T08:07:14.184Z] Throttled alert → corebanking-backend (memory)
[2026-08-05T08:07:24.184Z] Throttled alert → corebanking-backend (memory)
[2026-08-05T08:07:34.185Z] ALERT: 🟠 corebanking-backend memory high: 6759 MB (threshold 5500 MB)
[2026-08-05T08:07:44.185Z] Throttled alert → corebanking-backend (memory)
[2026-08-05T08:07:54.184Z] Throttled alert → corebanking-backend (memory)
[2026-08-05T08:08:04.188Z] Throttled alert → corebanking-backend (memory)
[2026-08-05T08:08:14.188Z] Throttled alert → corebanking-backend (memory)
[2026-08-05T08:08:24.188Z] Throttled alert → corebanking-backend (memory)
[2026-08-05T08:08:34.188Z] Throttled alert → corebanking-backend (memory)
[2026-08-05T08:08:44.188Z] Throttled alert → corebanking-backend (memory)
[2026-08-05T08:08:54.189Z] Throttled alert → corebanking-backend (memory)
[2026-08-05T08:09:04.192Z] Throttled alert → corebanking-backend (memory)
[2026-08-05T08:09:14.191Z] Throttled alert → corebanking-backend (memory)
[2026-08-05T08:09:24.191Z] Throttled alert → corebanking-backend (memory)
[2026-08-05T08:09:34.192Z] Throttled alert → corebanking-backend (memory)
[2026-08-05T08:09:44.191Z] Throttled alert → corebanking-backend (memory)
[2026-08-05T08:09:54.193Z] Throttled alert → corebanking-backend (memory)
[2026-08-05T08:10:04.193Z] Throttled alert → corebanking-backend (memory)
[2026-08-05T08:10:14.192Z] Throttled alert → corebanking-backend (memory)
[2026-08-05T08:10:24.192Z] Throttled alert → corebanking-backend (memory)
[2026-08-05T08:10:34.190Z] Throttled alert → corebanking-backend (memory)
[2026-08-05T08:10:44.192Z] Throttled alert → corebanking-backend (memory)
[2026-08-05T08:10:54.193Z] Throttled alert → corebanking-backend (memory)
[2026-08-05T08:11:04.192Z] Throttled alert → corebanking-backend (memory)
[2026-08-05T08:11:14.192Z] Throttled alert → corebanking-backend (memory)
[2026-08-05T08:11:24.193Z] Throttled alert → corebanking-backend (memory)
[2026-08-05T08:11:34.194Z] Throttled alert → corebanking-backend (memory)
[2026-08-05T08:11:44.194Z] Throttled alert → corebanking-backend (memory)
[2026-08-05T08:11:54.197Z] Throttled alert → corebanking-backend (memory)
[2026-08-05T08:12:04.196Z] Throttled alert → corebanking-backend (memory)
[2026-08-05T08:12:14.198Z] Throttled alert → corebanking-backend (memory)
[2026-08-05T08:12:24.198Z] Throttled alert → corebanking-backend (memory)
[2026-08-05T08:12:34.198Z] ALERT: 🟠 corebanking-backend memory high: 6759 MB (threshold 5500 MB)
[2026-08-05T08:12:44.196Z] Throttled alert → corebanking-backend (memory)
[2026-08-05T08:12:54.198Z] Throttled alert → corebanking-backend (memory)
[2026-08-05T08:13:04.198Z] Throttled alert → corebanking-backend (memory)
[2026-08-05T08:13:14.201Z] Throttled alert → corebanking-backend (memory)
[2026-08-05T08:13:24.199Z] Throttled alert → corebanking-backend (memory)
[2026-08-05T08:13:34.200Z] Throttled alert → corebanking-backend (memory)
[2026-08-05T08:13:44.201Z] Throttled alert → corebanking-backend (memory)
[2026-08-05T08:13:54.200Z] Throttled alert → corebanking-backend (memory)
[2026-08-05T08:14:04.203Z] Throttled alert → corebanking-backend (memory)
[2026-08-05T08:14:14.202Z] Throttled alert → corebanking-backend (memory)
[2026-08-05T08:14:24.202Z] Throttled alert → corebanking-backend (memory)
[2026-08-05T08:14:34.202Z] Throttled alert → corebanking-backend (memory)
[2026-08-05T08:14:44.206Z] Throttled alert → corebanking-backend (memory)
[2026-08-05T08:14:54.206Z] Throttled alert → corebanking-backend (memory)
[2026-08-05T08:15:04.206Z] Throttled alert → corebanking-backend (memory)
[2026-08-05T08:15:14.206Z] Throttled alert → corebanking-backend (memory)
[2026-08-05T08:15:24.208Z] Throttled alert → corebanking-backend (memory)
[2026-08-05T08:15:34.209Z] Throttled alert → corebanking-backend (memory)
[2026-08-05T08:15:44.210Z] Throttled alert → corebanking-backend (memory)
[2026-08-05T08:15:54.207Z] Throttled alert → corebanking-backend (memory)
[2026-08-05T08:16:04.212Z] Throttled alert → corebanking-backend (memory)
[2026-08-05T08:16:14.212Z] Throttled alert → corebanking-backend (memory)
[2026-08-05T08:16:24.215Z] Throttled alert → corebanking-backend (memory)
[2026-08-05T08:16:34.214Z] Throttled alert → corebanking-backend (memory)
[2026-08-05T08:16:44.216Z] Throttled alert → corebanking-backend (memory)
[2026-08-05T08:16:54.215Z] Throttled alert → corebanking-backend (memory)
[2026-08-05T08:17:04.216Z] Throttled alert → corebanking-backend (memory)
[2026-08-05T08:17:14.216Z] Throttled alert → corebanking-backend (memory)
[2026-08-05T08:17:24.217Z] Throttled alert → corebanking-backend (memory)
[2026-08-05T08:17:34.218Z] ALERT: 🟠 corebanking-backend memory high: 6759 MB (threshold 5500 MB)
[2026-08-05T08:17:44.218Z] Throttled alert → corebanking-backend (memory)
[2026-08-05T08:17:54.219Z] Throttled alert → corebanking-backend (memory)
[2026-08-05T08:18:04.218Z] Throttled alert → corebanking-backend (memory)
[2026-08-05T08:18:14.219Z] Throttled alert → corebanking-backend (memory)
[2026-08-05T08:18:24.218Z] Throttled alert → corebanking-backend (memory)
[2026-08-05T08:18:34.219Z] Throttled alert → corebanking-backend (memory)
[2026-08-05T08:18:44.218Z] Throttled alert → corebanking-backend (memory)
[2026-08-05T08:18:54.220Z] Throttled alert → corebanking-backend (memory)
[2026-08-05T08:19:04.223Z] Throttled alert → corebanking-backend (memory)
[2026-08-05T08:19:14.225Z] Throttled alert → corebanking-backend (memory)
[2026-08-05T08:19:24.222Z] Throttled alert → corebanking-backend (memory)
[2026-08-05T08:19:34.223Z] Throttled alert → corebanking-backend (memory)
[2026-08-05T08:19:44.225Z] Throttled alert → corebanking-backend (memory)
[2026-08-05T08:19:54.225Z] Throttled alert → corebanking-backend (memory)
[2026-08-05T08:20:04.225Z] Throttled alert → corebanking-backend (memory)
[2026-08-05T08:20:14.226Z] Throttled alert → corebanking-backend (memory)
[2026-08-05T08:20:24.229Z] Throttled alert → corebanking-backend (memory)
[2026-08-05T08:20:34.229Z] Throttled alert → corebanking-backend (memory)
[2026-08-05T08:20:44.232Z] Throttled alert → corebanking-backend (memory)
[2026-08-05T08:20:54.228Z] Throttled alert → corebanking-backend (memory)
[2026-08-05T08:21:04.231Z] Throttled alert → corebanking-backend (memory)
[2026-08-05T08:21:14.230Z] Throttled alert → corebanking-backend (memory)
[2026-08-05T08:21:24.230Z] Throttled alert → corebanking-backend (memory)
[2026-08-05T08:21:34.231Z] Throttled alert → corebanking-backend (memory)
[2026-08-05T08:21:44.232Z] Throttled alert → corebanking-backend (memory)
[2026-08-05T08:21:54.234Z] Throttled alert → corebanking-backend (memory)
[2026-08-05T08:22:04.232Z] Throttled alert → corebanking-backend (memory)
[2026-08-05T08:22:14.234Z] Throttled alert → corebanking-backend (memory)
[2026-08-05T08:22:24.234Z] Throttled alert → corebanking-backend (memory)
[2026-08-05T08:22:34.235Z] ALERT: 🟠 corebanking-backend memory high: 6759 MB (threshold 5500 MB)
[2026-08-05T08:22:44.236Z] Throttled alert → corebanking-backend (memory)
[2026-08-05T08:22:54.237Z] Throttled alert → corebanking-backend (memory)
[2026-08-05T08:23:04.238Z] Throttled alert → corebanking-backend (memory)
[2026-08-05T08:23:14.240Z] Throttled alert → corebanking-backend (memory)
[2026-08-05T08:23:24.239Z] Throttled alert → corebanking-backend (memory)
[2026-08-05T08:23:34.239Z] Throttled alert → corebanking-backend (memory)
[2026-08-05T08:23:44.240Z] Throttled alert → corebanking-backend (memory)
[2026-08-05T08:23:54.241Z] Throttled alert → corebanking-backend (memory)
[2026-08-05T08:24:04.239Z] Throttled alert → corebanking-backend (memory)
[2026-08-05T08:24:14.240Z] Throttled alert → corebanking-backend (memory)
[2026-08-05T08:24:24.243Z] Throttled alert → corebanking-backend (memory)
[2026-08-05T08:24:34.240Z] Throttled alert → corebanking-backend (memory)
[2026-08-05T08:24:44.242Z] Throttled alert → corebanking-backend (memory)
[2026-08-05T08:24:54.243Z] Throttled alert → corebanking-backend (memory)
[2026-08-05T08:25:04.243Z] Throttled alert → corebanking-backend (memory)
[2026-08-05T08:25:14.244Z] Throttled alert → corebanking-backend (memory)
[2026-08-05T08:25:24.243Z] Throttled alert → corebanking-backend (memory)
[2026-08-05T08:25:34.242Z] Throttled alert → corebanking-backend (memory)
[2026-08-05T08:25:44.241Z] Throttled alert → corebanking-backend (memory)
[2026-08-05T08:25:54.243Z] Throttled alert → corebanking-backend (memory)
[2026-08-05T08:26:04.246Z] Throttled alert → corebanking-backend (memory)
[2026-08-05T08:26:14.245Z] Throttled alert → corebanking-backend (memory)
[2026-08-05T08:26:24.245Z] Throttled alert → corebanking-backend (memory)
[2026-08-05T08:26:34.246Z] Throttled alert → corebanking-backend (memory)
[2026-08-05T08:26:44.247Z] Throttled alert → corebanking-backend (memory)
[2026-08-05T08:26:54.245Z] Throttled alert → corebanking-backend (memory)
[2026-08-05T08:27:04.247Z] Throttled alert → corebanking-backend (memory)
[2026-08-05T08:27:14.247Z] Throttled alert → corebanking-backend (memory)
[2026-08-05T08:27:24.248Z] Throttled alert → corebanking-backend (memory)
[2026-08-05T08:27:34.248Z] ALERT: 🟠 corebanking-backend memory high: 6759 MB (threshold 5500 MB)
[2026-08-05T08:27:44.248Z] Throttled alert → corebanking-backend (memory)
[2026-08-05T08:27:54.248Z] Throttled alert → corebanking-backend (memory)
[2026-08-05T08:28:04.250Z] Throttled alert → corebanking-backend (memory)
[2026-08-05T08:28:14.251Z] Throttled alert → corebanking-backend (memory)
[2026-08-05T08:28:24.251Z] Throttled alert → corebanking-backend (memory)
[2026-08-05T08:28:34.250Z] Throttled alert → corebanking-backend (memory)
[2026-08-05T08:28:44.251Z] Throttled alert → corebanking-backend (memory)
[2026-08-05T08:28:54.251Z] Throttled alert → corebanking-backend (memory)
[2026-08-05T08:29:04.253Z] Throttled alert → corebanking-backend (memory)
[2026-08-05T08:29:14.256Z] Throttled alert → corebanking-backend (memory)
[2026-08-05T08:29:24.254Z] Throttled alert → corebanking-backend (memory)
[2026-08-05T08:29:34.257Z] Throttled alert → corebanking-backend (memory)
[2026-08-05T08:29:44.258Z] Throttled alert → corebanking-backend (memory)
[2026-08-05T08:29:54.256Z] Throttled alert → corebanking-backend (memory)
[2026-08-05T08:30:04.259Z] Throttled alert → corebanking-backend (memory)
[2026-08-05T08:30:14.256Z] Throttled alert → corebanking-backend (memory)
[2026-08-05T08:30:24.257Z] Throttled alert → corebanking-backend (memory)
[2026-08-05T08:30:34.258Z] Throttled alert → corebanking-backend (memory)
[2026-08-05T08:30:44.257Z] Throttled alert → corebanking-backend (memory)
[2026-08-05T08:30:54.257Z] Throttled alert → corebanking-backend (memory)
[2026-08-05T08:31:04.258Z] Throttled alert → corebanking-backend (memory)
[2026-08-05T08:31:14.259Z] Throttled alert → corebanking-backend (memory)
[2026-08-05T08:31:24.260Z] Throttled alert → corebanking-backend (memory)
[2026-08-05T08:31:34.259Z] Throttled alert → corebanking-backend (memory)
[2026-08-05T08:31:44.260Z] Throttled alert → corebanking-backend (memory)
[2026-08-05T08:31:54.262Z] Throttled alert → corebanking-backend (memory)
[2026-08-05T08:32:04.262Z] Throttled alert → corebanking-backend (memory)
[2026-08-05T08:32:14.261Z] Throttled alert → corebanking-backend (memory)
[2026-08-05T08:32:24.266Z] Throttled alert → corebanking-backend (memory)
[2026-08-05T08:32:34.261Z] ALERT: 🟠 corebanking-backend memory high: 6759 MB (threshold 5500 MB)
[2026-08-05T08:32:44.264Z] Throttled alert → corebanking-backend (memory)
[2026-08-05T08:32:54.263Z] Throttled alert → corebanking-backend (memory)
[2026-08-05T08:33:04.263Z] Throttled alert → corebanking-backend (memory)
[2026-08-05T08:33:14.263Z] Throttled alert → corebanking-backend (memory)
[2026-08-05T08:33:24.263Z] Throttled alert → corebanking-backend (memory)
[2026-08-05T08:33:34.265Z] Throttled alert → corebanking-backend (memory)
[2026-08-05T08:33:44.265Z] Throttled alert → corebanking-backend (memory)
[2026-08-05T08:33:54.265Z] Throttled alert → corebanking-backend (memory)
[2026-08-05T08:34:04.267Z] Throttled alert → corebanking-backend (memory)
[2026-08-05T08:34:14.266Z] Throttled alert → corebanking-backend (memory)
[2026-08-05T08:34:24.268Z] Throttled alert → corebanking-backend (memory)
[2026-08-05T08:34:34.267Z] Throttled alert → corebanking-backend (memory)
[2026-08-05T08:34:44.268Z] Throttled alert → corebanking-backend (memory)
[2026-08-05T08:34:54.268Z] Throttled alert → corebanking-backend (memory)
[2026-08-05T08:35:04.271Z] Throttled alert → corebanking-backend (memory)
[2026-08-05T08:35:14.271Z] Throttled alert → corebanking-backend (memory)
[2026-08-05T08:35:24.271Z] Throttled alert → corebanking-backend (memory)
[2026-08-05T08:35:34.271Z] Throttled alert → corebanking-backend (memory)
[2026-08-05T08:35:44.273Z] Throttled alert → corebanking-backend (memory)
[2026-08-05T08:35:54.271Z] Throttled alert → corebanking-backend (memory)
[2026-08-05T08:36:04.270Z] Throttled alert → corebanking-backend (memory)
[2026-08-05T08:36:14.274Z] Throttled alert → corebanking-backend (memory)
[2026-08-05T08:36:24.274Z] Throttled alert → corebanking-backend (memory)
[2026-08-05T08:36:34.275Z] Throttled alert → corebanking-backend (memory)
[2026-08-05T08:36:44.279Z] Throttled alert → corebanking-backend (memory)
[2026-08-05T08:36:54.275Z] Throttled alert → corebanking-backend (memory)
[2026-08-05T08:37:04.278Z] Throttled alert → corebanking-backend (memory)
[2026-08-05T08:37:14.279Z] Throttled alert → corebanking-backend (memory)
[2026-08-05T08:37:24.279Z] Throttled alert → corebanking-backend (memory)
[2026-08-05T08:37:34.280Z] ALERT: 🟠 corebanking-backend memory high: 6759 MB (threshold 5500 MB)
[2026-08-05T08:37:44.280Z] Throttled alert → corebanking-backend (memory)
[2026-08-05T08:37:54.283Z] Throttled alert → corebanking-backend (memory)
[2026-08-05T08:38:04.282Z] Throttled alert → corebanking-backend (memory)
[2026-08-05T08:38:14.281Z] Throttled alert → corebanking-backend (memory)
[2026-08-05T08:38:24.282Z] Throttled alert → corebanking-backend (memory)
[2026-08-05T08:38:34.280Z] Throttled alert → corebanking-backend (memory)
[2026-08-05T08:38:44.282Z] Throttled alert → corebanking-backend (memory)
[2026-08-05T08:38:54.279Z] Throttled alert → corebanking-backend (memory)
[2026-08-05T08:39:04.282Z] Throttled alert → corebanking-backend (memory)
[2026-08-05T08:39:14.283Z] Throttled alert → corebanking-backend (memory)
[2026-08-05T08:39:24.283Z] Throttled alert → corebanking-backend (memory)
[2026-08-05T08:39:34.284Z] Throttled alert → corebanking-backend (memory)
[2026-08-05T08:39:44.282Z] Throttled alert → corebanking-backend (memory)
[2026-08-05T08:39:52.634Z] Received SIGINT, saving state and exiting…
[2026-08-05T08:58:51.201Z] Dashboard listening on http://0.0.0.0:3099
[2026-08-05T08:58:51.243Z] PM2 event bus connected
[2026-08-05T08:58:51.252Z] ALERT: 🟠 corebanking-backend memory high: 6759 MB (threshold 5500 MB)
[2026-08-05T08:59:01.249Z] Throttled alert -> corebanking-backend (memory)
[2026-08-05T08:59:11.253Z] Throttled alert -> corebanking-backend (memory)
[2026-08-05T08:59:21.248Z] Throttled alert -> corebanking-backend (memory)
[2026-08-05T08:59:31.248Z] Throttled alert -> corebanking-backend (memory)
[2026-08-05T08:59:41.248Z] Throttled alert -> corebanking-backend (memory)
[2026-08-05T08:59:51.249Z] Throttled alert -> corebanking-backend (memory)
[2026-08-05T08:59:54.883Z] Received SIGINT, saving state and exiting...
[2026-08-05T08:59:57.142Z] Dashboard listening on http://0.0.0.0:3099
[2026-08-05T08:59:57.181Z] PM2 event bus connected
[2026-08-05T08:59:57.191Z] ALERT: 🟠 corebanking-backend memory high: 6759 MB (threshold 5500 MB)
[2026-08-05T09:00:07.187Z] Throttled alert -> corebanking-backend (memory)
[2026-08-05T09:00:17.185Z] Throttled alert -> corebanking-backend (memory)
[2026-08-05T09:00:27.185Z] Throttled alert -> corebanking-backend (memory)
[2026-08-05T09:00:37.187Z] Throttled alert -> corebanking-backend (memory)
[2026-08-05T09:00:47.186Z] Throttled alert -> corebanking-backend (memory)
[2026-08-05T09:00:57.186Z] Throttled alert -> corebanking-backend (memory)
[2026-08-05T09:01:07.187Z] Throttled alert -> corebanking-backend (memory)
[2026-08-05T09:01:17.186Z] Throttled alert -> corebanking-backend (memory)
[2026-08-05T09:01:27.186Z] Throttled alert -> corebanking-backend (memory)
[2026-08-05T09:01:37.188Z] Throttled alert -> corebanking-backend (memory)
[2026-08-05T09:01:47.190Z] Throttled alert -> corebanking-backend (memory)
[2026-08-05T09:01:57.187Z] Throttled alert -> corebanking-backend (memory)
[2026-08-05T09:02:07.191Z] Throttled alert -> corebanking-backend (memory)
[2026-08-05T09:02:17.189Z] Throttled alert -> corebanking-backend (memory)
[2026-08-05T09:02:27.191Z] Throttled alert -> corebanking-backend (memory)
[2026-08-05T09:02:37.191Z] Throttled alert -> corebanking-backend (memory)
[2026-08-05T09:02:47.191Z] Throttled alert -> corebanking-backend (memory)
[2026-08-05T09:02:57.190Z] Throttled alert -> corebanking-backend (memory)
[2026-08-05T09:03:07.191Z] Throttled alert -> corebanking-backend (memory)
[2026-08-05T09:03:17.192Z] Throttled alert -> corebanking-backend (memory)
[2026-08-05T09:03:27.191Z] Throttled alert -> corebanking-backend (memory)
[2026-08-05T09:03:37.192Z] Throttled alert -> corebanking-backend (memory)
[2026-08-05T09:03:47.190Z] Throttled alert -> corebanking-backend (memory)
[2026-08-05T09:03:57.191Z] Throttled alert -> corebanking-backend (memory)
[2026-08-05T09:04:07.194Z] Throttled alert -> corebanking-backend (memory)
[2026-08-05T09:04:17.195Z] Throttled alert -> corebanking-backend (memory)
[2026-08-05T09:04:27.194Z] Throttled alert -> corebanking-backend (memory)
[2026-08-05T09:04:37.196Z] Throttled alert -> corebanking-backend (memory)
[2026-08-05T09:04:47.197Z] Throttled alert -> corebanking-backend (memory)
[2026-08-05T09:04:57.197Z] ALERT: 🟠 corebanking-backend memory high: 6759 MB (threshold 5500 MB)
[2026-08-05T09:05:07.197Z] Throttled alert -> corebanking-backend (memory)
[2026-08-05T09:05:17.198Z] Throttled alert -> corebanking-backend (memory)
[2026-08-05T09:05:27.201Z] Throttled alert -> corebanking-backend (memory)
[2026-08-05T09:05:37.200Z] Throttled alert -> corebanking-backend (memory)
[2026-08-05T09:05:47.200Z] Throttled alert -> corebanking-backend (memory)
[2026-08-05T09:05:57.200Z] Throttled alert -> corebanking-backend (memory)
[2026-08-05T09:06:07.200Z] Throttled alert -> corebanking-backend (memory)
[2026-08-05T09:06:17.201Z] Throttled alert -> corebanking-backend (memory)
[2026-08-05T09:06:27.202Z] Throttled alert -> corebanking-backend (memory)
[2026-08-05T09:06:37.204Z] Throttled alert -> corebanking-backend (memory)
[2026-08-05T09:06:47.203Z] Throttled alert -> corebanking-backend (memory)
[2026-08-05T09:06:57.204Z] Throttled alert -> corebanking-backend (memory)
[2026-08-05T09:07:07.205Z] Throttled alert -> corebanking-backend (memory)
[2026-08-05T09:07:17.205Z] Throttled alert -> corebanking-backend (memory)
[2026-08-05T09:07:27.203Z] Throttled alert -> corebanking-backend (memory)
[2026-08-05T09:07:37.205Z] Throttled alert -> corebanking-backend (memory)
[2026-08-05T09:07:47.208Z] Throttled alert -> corebanking-backend (memory)
[2026-08-05T09:07:57.205Z] Throttled alert -> corebanking-backend (memory)
[2026-08-05T09:08:07.207Z] Throttled alert -> corebanking-backend (memory)
[2026-08-05T09:08:17.207Z] Throttled alert -> corebanking-backend (memory)
[2026-08-05T09:08:27.208Z] Throttled alert -> corebanking-backend (memory)
[2026-08-05T09:08:37.207Z] Throttled alert -> corebanking-backend (memory)
[2026-08-05T09:08:47.207Z] Throttled alert -> corebanking-backend (memory)
[2026-08-05T09:08:57.208Z] Throttled alert -> corebanking-backend (memory)
[2026-08-05T09:09:07.209Z] Throttled alert -> corebanking-backend (memory)
[2026-08-05T09:09:17.208Z] Throttled alert -> corebanking-backend (memory)
[2026-08-05T09:09:27.211Z] Throttled alert -> corebanking-backend (memory)
[2026-08-05T09:09:37.209Z] Throttled alert -> corebanking-backend (memory)
[2026-08-05T09:09:47.210Z] Throttled alert -> corebanking-backend (memory)
[2026-08-05T09:09:57.210Z] ALERT: 🟠 corebanking-backend memory high: 6759 MB (threshold 5500 MB)
[2026-08-05T09:10:07.210Z] Throttled alert -> corebanking-backend (memory)
[2026-08-05T09:10:17.209Z] Throttled alert -> corebanking-backend (memory)
[2026-08-05T09:10:27.209Z] Throttled alert -> corebanking-backend (memory)
[2026-08-05T09:10:37.210Z] Throttled alert -> corebanking-backend (memory)
[2026-08-05T09:10:47.210Z] Throttled alert -> corebanking-backend (memory)
[2026-08-05T09:10:57.210Z] Throttled alert -> corebanking-backend (memory)
[2026-08-05T09:11:07.210Z] Throttled alert -> corebanking-backend (memory)
[2026-08-05T09:11:17.211Z] Throttled alert -> corebanking-backend (memory)
[2026-08-05T09:11:27.210Z] Throttled alert -> corebanking-backend (memory)
[2026-08-05T09:11:37.210Z] Throttled alert -> corebanking-backend (memory)
[2026-08-05T09:11:47.212Z] Throttled alert -> corebanking-backend (memory)
[2026-08-05T09:11:57.210Z] Throttled alert -> corebanking-backend (memory)
[2026-08-05T09:12:07.210Z] Throttled alert -> corebanking-backend (memory)
[2026-08-05T09:12:17.212Z] Throttled alert -> corebanking-backend (memory)
[2026-08-05T09:12:27.213Z] Throttled alert -> corebanking-backend (memory)
[2026-08-05T09:12:37.212Z] Throttled alert -> corebanking-backend (memory)
[2026-08-05T09:12:47.214Z] Throttled alert -> corebanking-backend (memory)
[2026-08-05T09:12:57.214Z] Throttled alert -> corebanking-backend (memory)
[2026-08-05T09:13:07.214Z] Throttled alert -> corebanking-backend (memory)
[2026-08-05T09:13:17.216Z] Throttled alert -> corebanking-backend (memory)
[2026-08-05T09:13:27.215Z] Throttled alert -> corebanking-backend (memory)
[2026-08-05T09:13:37.215Z] Throttled alert -> corebanking-backend (memory)
[2026-08-05T09:13:47.218Z] Throttled alert -> corebanking-backend (memory)
[2026-08-05T09:13:57.217Z] Throttled alert -> corebanking-backend (memory)
[2026-08-05T09:14:07.220Z] Throttled alert -> corebanking-backend (memory)
[2026-08-05T09:14:17.220Z] Throttled alert -> corebanking-backend (memory)
[2026-08-05T09:14:27.221Z] Throttled alert -> corebanking-backend (memory)
[2026-08-05T09:14:37.221Z] Throttled alert -> corebanking-backend (memory)
[2026-08-05T09:14:47.220Z] Throttled alert -> corebanking-backend (memory)
[2026-08-05T09:14:57.222Z] ALERT: 🟠 corebanking-backend memory high: 6759 MB (threshold 5500 MB)
[2026-08-05T09:15:07.222Z] Throttled alert -> corebanking-backend (memory)
[2026-08-05T09:15:17.223Z] Throttled alert -> corebanking-backend (memory)
[2026-08-05T09:15:27.223Z] Throttled alert -> corebanking-backend (memory)
[2026-08-05T09:15:37.225Z] Throttled alert -> corebanking-backend (memory)
[2026-08-05T09:15:47.224Z] Throttled alert -> corebanking-backend (memory)
[2026-08-05T09:15:57.224Z] Throttled alert -> corebanking-backend (memory)
[2026-08-05T09:16:07.226Z] Throttled alert -> corebanking-backend (memory)
[2026-08-05T09:16:17.224Z] Throttled alert -> corebanking-backend (memory)
[2026-08-05T09:16:27.226Z] Throttled alert -> corebanking-backend (memory)
[2026-08-05T09:16:37.225Z] Throttled alert -> corebanking-backend (memory)
[2026-08-05T09:16:47.227Z] Throttled alert -> corebanking-backend (memory)
[2026-08-05T09:16:57.229Z] Throttled alert -> corebanking-backend (memory)
[2026-08-05T09:17:07.227Z] Throttled alert -> corebanking-backend (memory)
[2026-08-05T09:17:17.227Z] Throttled alert -> corebanking-backend (memory)
[2026-08-05T09:17:27.226Z] Throttled alert -> corebanking-backend (memory)
[2026-08-05T09:17:37.228Z] Throttled alert -> corebanking-backend (memory)
[2026-08-05T09:17:47.228Z] Throttled alert -> corebanking-backend (memory)
[2026-08-05T09:17:57.229Z] Throttled alert -> corebanking-backend (memory)
[2026-08-05T09:18:07.229Z] Throttled alert -> corebanking-backend (memory)
[2026-08-05T09:18:17.227Z] Throttled alert -> corebanking-backend (memory)
[2026-08-05T09:18:27.228Z] Throttled alert -> corebanking-backend (memory)
[2026-08-05T09:18:37.228Z] Throttled alert -> corebanking-backend (memory)
[2026-08-05T09:18:47.230Z] Throttled alert -> corebanking-backend (memory)
[2026-08-05T09:18:57.230Z] Throttled alert -> corebanking-backend (memory)
[2026-08-05T09:19:07.231Z] Throttled alert -> corebanking-backend (memory)
[2026-08-05T09:19:17.230Z] Throttled alert -> corebanking-backend (memory)
[2026-08-05T09:19:27.232Z] Throttled alert -> corebanking-backend (memory)
[2026-08-05T09:19:37.233Z] Throttled alert -> corebanking-backend (memory)
[2026-08-05T09:19:47.233Z] Throttled alert -> corebanking-backend (memory)
[2026-08-05T09:19:57.232Z] ALERT: 🟠 corebanking-backend memory high: 6759 MB (threshold 5500 MB)
[2026-08-05T09:20:07.234Z] Throttled alert -> corebanking-backend (memory)
[2026-08-05T09:20:17.234Z] Throttled alert -> corebanking-backend (memory)
[2026-08-05T09:20:27.235Z] Throttled alert -> corebanking-backend (memory)
[2026-08-05T09:20:37.234Z] Throttled alert -> corebanking-backend (memory)
[2026-08-05T09:20:47.234Z] Throttled alert -> corebanking-backend (memory)
[2026-08-05T09:20:57.237Z] Throttled alert -> corebanking-backend (memory)
[2026-08-05T09:21:07.238Z] Throttled alert -> corebanking-backend (memory)
[2026-08-05T09:21:17.238Z] Throttled alert -> corebanking-backend (memory)
[2026-08-05T09:21:27.237Z] Throttled alert -> corebanking-backend (memory)
[2026-08-05T09:21:37.239Z] Throttled alert -> corebanking-backend (memory)
[2026-08-05T09:21:47.240Z] Throttled alert -> corebanking-backend (memory)
[2026-08-05T09:21:57.240Z] Throttled alert -> corebanking-backend (memory)
[2026-08-05T09:22:07.239Z] Throttled alert -> corebanking-backend (memory)
[2026-08-05T09:22:17.238Z] Throttled alert -> corebanking-backend (memory)
[2026-08-05T09:22:27.240Z] Throttled alert -> corebanking-backend (memory)
[2026-08-05T09:22:37.239Z] Throttled alert -> corebanking-backend (memory)
[2026-08-05T09:22:47.239Z] Throttled alert -> corebanking-backend (memory)
[2026-08-05T09:22:57.241Z] Throttled alert -> corebanking-backend (memory)
[2026-08-05T09:23:07.240Z] Throttled alert -> corebanking-backend (memory)
[2026-08-05T09:23:17.240Z] Throttled alert -> corebanking-backend (memory)
[2026-08-05T09:23:27.241Z] Throttled alert -> corebanking-backend (memory)
[2026-08-05T09:23:37.241Z] Throttled alert -> corebanking-backend (memory)
[2026-08-05T09:23:47.240Z] Throttled alert -> corebanking-backend (memory)
[2026-08-05T09:23:57.243Z] Throttled alert -> corebanking-backend (memory)
[2026-08-05T09:24:07.242Z] Throttled alert -> corebanking-backend (memory)
[2026-08-05T09:24:17.244Z] Throttled alert -> corebanking-backend (memory)
[2026-08-05T09:24:27.244Z] Throttled alert -> corebanking-backend (memory)
[2026-08-05T09:24:37.244Z] Throttled alert -> corebanking-backend (memory)
[2026-08-05T09:24:47.245Z] Throttled alert -> corebanking-backend (memory)
[2026-08-05T09:24:57.244Z] ALERT: 🟠 corebanking-backend memory high: 6759 MB (threshold 5500 MB)
[2026-08-05T09:25:07.245Z] Throttled alert -> corebanking-backend (memory)
[2026-08-05T09:25:17.246Z] Throttled alert -> corebanking-backend (memory)
[2026-08-05T09:25:27.247Z] Throttled alert -> corebanking-backend (memory)
[2026-08-05T09:25:37.246Z] Throttled alert -> corebanking-backend (memory)
[2026-08-05T09:25:47.247Z] Throttled alert -> corebanking-backend (memory)
[2026-08-05T09:25:57.248Z] Throttled alert -> corebanking-backend (memory)
[2026-08-05T09:26:07.249Z] Throttled alert -> corebanking-backend (memory)
[2026-08-05T09:26:17.249Z] Throttled alert -> corebanking-backend (memory)
[2026-08-05T09:26:27.248Z] Throttled alert -> corebanking-backend (memory)
[2026-08-05T09:26:37.250Z] Throttled alert -> corebanking-backend (memory)
[2026-08-05T09:26:47.251Z] Throttled alert -> corebanking-backend (memory)
[2026-08-05T09:26:57.251Z] Throttled alert -> corebanking-backend (memory)
[2026-08-05T09:27:07.252Z] Throttled alert -> corebanking-backend (memory)
[2026-08-05T09:27:17.252Z] Throttled alert -> corebanking-backend (memory)
[2026-08-05T09:27:27.253Z] Throttled alert -> corebanking-backend (memory)
[2026-08-05T09:27:37.254Z] Throttled alert -> corebanking-backend (memory)
[2026-08-05T09:27:47.255Z] Throttled alert -> corebanking-backend (memory)
[2026-08-05T09:27:57.256Z] Throttled alert -> corebanking-backend (memory)
[2026-08-05T09:28:07.257Z] Throttled alert -> corebanking-backend (memory)
[2026-08-05T09:28:17.255Z] Throttled alert -> corebanking-backend (memory)
[2026-08-05T09:28:27.256Z] Throttled alert -> corebanking-backend (memory)
[2026-08-05T09:28:37.257Z] Throttled alert -> corebanking-backend (memory)
[2026-08-05T09:28:47.256Z] Throttled alert -> corebanking-backend (memory)
[2026-08-05T09:28:57.256Z] Throttled alert -> corebanking-backend (memory)
[2026-08-05T09:29:07.256Z] Throttled alert -> corebanking-backend (memory)
[2026-08-05T09:29:17.256Z] Throttled alert -> corebanking-backend (memory)
[2026-08-05T09:29:27.257Z] Throttled alert -> corebanking-backend (memory)
[2026-08-05T09:29:37.257Z] Throttled alert -> corebanking-backend (memory)
[2026-08-05T09:29:47.256Z] Throttled alert -> corebanking-backend (memory)
[2026-08-05T09:29:57.257Z] ALERT: 🟠 corebanking-backend memory high: 6759 MB (threshold 5500 MB)
[2026-08-05T09:30:07.256Z] Throttled alert -> corebanking-backend (memory)
[2026-08-05T09:30:17.259Z] Throttled alert -> corebanking-backend (memory)
[2026-08-05T09:30:27.259Z] Throttled alert -> corebanking-backend (memory)
[2026-08-05T09:30:37.259Z] Throttled alert -> corebanking-backend (memory)
[2026-08-05T09:30:47.258Z] Throttled alert -> corebanking-backend (memory)
[2026-08-05T09:30:57.259Z] Throttled alert -> corebanking-backend (memory)
[2026-08-05T09:31:07.259Z] Throttled alert -> corebanking-backend (memory)
[2026-08-05T09:31:17.259Z] Throttled alert -> corebanking-backend (memory)
[2026-08-05T09:31:27.260Z] Throttled alert -> corebanking-backend (memory)
[2026-08-05T09:31:37.260Z] Throttled alert -> corebanking-backend (memory)
[2026-08-05T09:31:47.260Z] Throttled alert -> corebanking-backend (memory)
[2026-08-05T09:31:57.260Z] Throttled alert -> corebanking-backend (memory)
[2026-08-05T09:32:07.259Z] Throttled alert -> corebanking-backend (memory)
[2026-08-05T09:32:17.261Z] Throttled alert -> corebanking-backend (memory)
[2026-08-05T09:32:27.262Z] Throttled alert -> corebanking-backend (memory)
[2026-08-05T09:32:37.262Z] Throttled alert -> corebanking-backend (memory)
[2026-08-05T09:32:47.263Z] Throttled alert -> corebanking-backend (memory)
[2026-08-05T09:32:57.264Z] Throttled alert -> corebanking-backend (memory)
[2026-08-05T09:33:07.265Z] Throttled alert -> corebanking-backend (memory)
[2026-08-05T09:33:17.267Z] Throttled alert -> corebanking-backend (memory)
[2026-08-05T09:33:27.267Z] Throttled alert -> corebanking-backend (memory)
[2026-08-05T09:33:37.268Z] Throttled alert -> corebanking-backend (memory)
[2026-08-05T09:33:47.270Z] Throttled alert -> corebanking-backend (memory)
[2026-08-05T09:33:57.269Z] Throttled alert -> corebanking-backend (memory)
[2026-08-05T09:34:07.269Z] Throttled alert -> corebanking-backend (memory)
[2026-08-05T09:34:17.272Z] Throttled alert -> corebanking-backend (memory)
[2026-08-05T09:34:27.272Z] Throttled alert -> corebanking-backend (memory)
[2026-08-05T09:34:37.273Z] Throttled alert -> corebanking-backend (memory)
[2026-08-05T09:34:47.272Z] Throttled alert -> corebanking-backend (memory)
[2026-08-05T09:34:57.272Z] ALERT: 🟠 corebanking-backend memory high: 6759 MB (threshold 5500 MB)
[2026-08-05T09:35:07.273Z] Throttled alert -> corebanking-backend (memory)
[2026-08-05T09:35:17.273Z] Throttled alert -> corebanking-backend (memory)
[2026-08-05T09:35:27.273Z] Throttled alert -> corebanking-backend (memory)
[2026-08-05T09:35:37.273Z] Throttled alert -> corebanking-backend (memory)
[2026-08-05T09:35:47.275Z] Throttled alert -> corebanking-backend (memory)
[2026-08-05T09:35:57.276Z] Throttled alert -> corebanking-backend (memory)
[2026-08-05T09:36:07.278Z] Throttled alert -> corebanking-backend (memory)
[2026-08-05T09:36:17.279Z] Throttled alert -> corebanking-backend (memory)
[2026-08-05T09:36:27.279Z] Throttled alert -> corebanking-backend (memory)
[2026-08-05T09:36:37.280Z] Throttled alert -> corebanking-backend (memory)
[2026-08-05T09:36:47.281Z] Throttled alert -> corebanking-backend (memory)
[2026-08-05T09:36:57.282Z] Throttled alert -> corebanking-backend (memory)
[2026-08-05T09:37:07.283Z] Throttled alert -> corebanking-backend (memory)
[2026-08-05T09:37:17.282Z] Throttled alert -> corebanking-backend (memory)
[2026-08-05T09:37:27.281Z] Throttled alert -> corebanking-backend (memory)
[2026-08-05T09:37:37.282Z] Throttled alert -> corebanking-backend (memory)
[2026-08-05T09:37:47.283Z] Throttled alert -> corebanking-backend (memory)
[2026-08-05T09:37:57.284Z] Throttled alert -> corebanking-backend (memory)
[2026-08-05T09:38:07.286Z] Throttled alert -> corebanking-backend (memory)
[2026-08-05T09:38:17.285Z] Throttled alert -> corebanking-backend (memory)
[2026-08-05T09:38:27.285Z] Throttled alert -> corebanking-backend (memory)
[2026-08-05T09:38:37.285Z] Throttled alert -> corebanking-backend (memory)
[2026-08-05T09:38:47.285Z] Throttled alert -> corebanking-backend (memory)
[2026-08-05T09:38:57.285Z] Throttled alert -> corebanking-backend (memory)
[2026-08-05T09:39:07.288Z] Throttled alert -> corebanking-backend (memory)
[2026-08-05T09:39:17.289Z] Throttled alert -> corebanking-backend (memory)
[2026-08-05T09:39:27.289Z] Throttled alert -> corebanking-backend (memory)
[2026-08-05T09:39:37.290Z] Throttled alert -> corebanking-backend (memory)
[2026-08-05T09:39:47.289Z] Throttled alert -> corebanking-backend (memory)
[2026-08-05T09:39:57.290Z] ALERT: 🟠 corebanking-backend memory high: 6759 MB (threshold 5500 MB)
[2026-08-05T09:40:07.291Z] Throttled alert -> corebanking-backend (memory)
[2026-08-05T09:40:17.292Z] Throttled alert -> corebanking-backend (memory)
[2026-08-05T09:40:27.291Z] Throttled alert -> corebanking-backend (memory)
[2026-08-05T09:40:37.291Z] Throttled alert -> corebanking-backend (memory)
[2026-08-05T09:40:47.291Z] Throttled alert -> corebanking-backend (memory)
[2026-08-05T09:40:57.293Z] Throttled alert -> corebanking-backend (memory)
[2026-08-05T09:41:07.293Z] Throttled alert -> corebanking-backend (memory)
[2026-08-05T09:41:17.293Z] Throttled alert -> corebanking-backend (memory)
[2026-08-05T09:41:27.294Z] Throttled alert -> corebanking-backend (memory)
[2026-08-05T09:41:37.293Z] Throttled alert -> corebanking-backend (memory)
[2026-08-05T09:41:47.293Z] Throttled alert -> corebanking-backend (memory)
[2026-08-05T09:41:57.294Z] Throttled alert -> corebanking-backend (memory)
[2026-08-05T09:42:07.293Z] Throttled alert -> corebanking-backend (memory)
[2026-08-05T09:42:17.294Z] Throttled alert -> corebanking-backend (memory)
[2026-08-05T09:42:27.295Z] Throttled alert -> corebanking-backend (memory)
[2026-08-05T09:42:37.294Z] Throttled alert -> corebanking-backend (memory)
[2026-08-05T09:42:47.295Z] Throttled alert -> corebanking-backend (memory)
[2026-08-05T09:42:57.294Z] Throttled alert -> corebanking-backend (memory)
[2026-08-05T09:43:07.295Z] Throttled alert -> corebanking-backend (memory)
[2026-08-05T09:43:17.296Z] Throttled alert -> corebanking-backend (memory)
[2026-08-05T09:43:27.295Z] Throttled alert -> corebanking-backend (memory)
[2026-08-05T09:43:37.296Z] Throttled alert -> corebanking-backend (memory)
[2026-08-05T09:43:47.297Z] Throttled alert -> corebanking-backend (memory)
[2026-08-05T09:43:57.298Z] Throttled alert -> corebanking-backend (memory)
[2026-08-05T09:44:07.297Z] Throttled alert -> corebanking-backend (memory)
[2026-08-05T09:44:17.297Z] Throttled alert -> corebanking-backend (memory)
[2026-08-05T09:44:27.296Z] Throttled alert -> corebanking-backend (memory)
[2026-08-05T09:44:37.297Z] Throttled alert -> corebanking-backend (memory)
[2026-08-05T09:44:47.298Z] Throttled alert -> corebanking-backend (memory)
[2026-08-05T09:44:57.298Z] ALERT: 🟠 corebanking-backend memory high: 6759 MB (threshold 5500 MB)
[2026-08-05T09:45:07.298Z] Throttled alert -> corebanking-backend (memory)
[2026-08-05T09:45:17.300Z] Throttled alert -> corebanking-backend (memory)
[2026-08-05T09:45:27.300Z] Throttled alert -> corebanking-backend (memory)
[2026-08-05T09:45:37.300Z] Throttled alert -> corebanking-backend (memory)
[2026-08-05T09:45:47.300Z] Throttled alert -> corebanking-backend (memory)
[2026-08-05T09:45:57.301Z] Throttled alert -> corebanking-backend (memory)
[2026-08-05T09:46:07.302Z] Throttled alert -> corebanking-backend (memory)
[2026-08-05T09:46:17.303Z] Throttled alert -> corebanking-backend (memory)
[2026-08-05T09:46:27.304Z] Throttled alert -> corebanking-backend (memory)
[2026-08-05T09:46:37.304Z] Throttled alert -> corebanking-backend (memory)
[2026-08-05T09:46:47.305Z] Throttled alert -> corebanking-backend (memory)
[2026-08-05T09:46:57.306Z] Throttled alert -> corebanking-backend (memory)
[2026-08-05T09:47:07.308Z] Throttled alert -> corebanking-backend (memory)
[2026-08-05T09:47:17.309Z] Throttled alert -> corebanking-backend (memory)
[2026-08-05T09:47:27.309Z] Throttled alert -> corebanking-backend (memory)
[2026-08-05T09:47:37.309Z] Throttled alert -> corebanking-backend (memory)
[2026-08-05T09:47:47.309Z] Throttled alert -> corebanking-backend (memory)
[2026-08-05T09:47:57.311Z] Throttled alert -> corebanking-backend (memory)
[2026-08-05T09:48:07.310Z] Throttled alert -> corebanking-backend (memory)
[2026-08-05T09:48:17.311Z] Throttled alert -> corebanking-backend (memory)
[2026-08-05T09:48:27.311Z] Throttled alert -> corebanking-backend (memory)
[2026-08-05T09:48:37.311Z] Throttled alert -> corebanking-backend (memory)
[2026-08-05T09:48:47.311Z] Throttled alert -> corebanking-backend (memory)
[2026-08-05T09:48:57.313Z] Throttled alert -> corebanking-backend (memory)
[2026-08-05T09:49:07.312Z] Throttled alert -> corebanking-backend (memory)
[2026-08-05T09:49:17.313Z] Throttled alert -> corebanking-backend (memory)
[2026-08-05T09:49:27.313Z] Throttled alert -> corebanking-backend (memory)
[2026-08-05T09:49:37.313Z] Throttled alert -> corebanking-backend (memory)
[2026-08-05T09:49:47.315Z] Throttled alert -> corebanking-backend (memory)
[2026-08-05T09:49:57.314Z] ALERT: 🟠 corebanking-backend memory high: 6759 MB (threshold 5500 MB)
[2026-08-05T09:50:07.317Z] Throttled alert -> corebanking-backend (memory)
[2026-08-05T09:50:17.317Z] Throttled alert -> corebanking-backend (memory)
[2026-08-05T09:50:27.317Z] Throttled alert -> corebanking-backend (memory)
[2026-08-05T09:50:37.318Z] Throttled alert -> corebanking-backend (memory)
[2026-08-05T09:50:47.319Z] Throttled alert -> corebanking-backend (memory)
[2026-08-05T09:50:57.319Z] Throttled alert -> corebanking-backend (memory)
[2026-08-05T09:51:07.319Z] Throttled alert -> corebanking-backend (memory)
[2026-08-05T09:51:17.320Z] Throttled alert -> corebanking-backend (memory)
[2026-08-05T09:51:27.320Z] Throttled alert -> corebanking-backend (memory)
[2026-08-05T09:51:37.320Z] Throttled alert -> corebanking-backend (memory)
[2026-08-05T09:51:47.321Z] Throttled alert -> corebanking-backend (memory)
[2026-08-05T09:51:57.322Z] Throttled alert -> corebanking-backend (memory)
[2026-08-05T09:52:07.321Z] Throttled alert -> corebanking-backend (memory)
[2026-08-05T09:52:17.324Z] Throttled alert -> corebanking-backend (memory)
[2026-08-05T09:52:27.324Z] Throttled alert -> corebanking-backend (memory)
[2026-08-05T09:52:37.324Z] Throttled alert -> corebanking-backend (memory)
[2026-08-05T09:52:47.326Z] Throttled alert -> corebanking-backend (memory)
[2026-08-05T09:52:57.327Z] Throttled alert -> corebanking-backend (memory)
[2026-08-05T09:53:07.326Z] Throttled alert -> corebanking-backend (memory)
[2026-08-05T09:53:17.327Z] Throttled alert -> corebanking-backend (memory)
[2026-08-05T09:53:27.328Z] Throttled alert -> corebanking-backend (memory)
[2026-08-05T09:53:37.330Z] Throttled alert -> corebanking-backend (memory)
[2026-08-05T09:53:47.330Z] Throttled alert -> corebanking-backend (memory)
[2026-08-05T09:53:57.329Z] Throttled alert -> corebanking-backend (memory)
[2026-08-05T09:54:07.330Z] Throttled alert -> corebanking-backend (memory)
[2026-08-05T09:54:17.331Z] Throttled alert -> corebanking-backend (memory)
[2026-08-05T09:54:27.332Z] Throttled alert -> corebanking-backend (memory)
[2026-08-05T09:54:37.333Z] Throttled alert -> corebanking-backend (memory)
[2026-08-05T09:54:47.333Z] Throttled alert -> corebanking-backend (memory)
[2026-08-05T09:54:57.334Z] ALERT: 🟠 corebanking-backend memory high: 6760 MB (threshold 5500 MB)
[2026-08-05T09:55:07.334Z] Throttled alert -> corebanking-backend (memory)
[2026-08-05T09:55:17.336Z] Throttled alert -> corebanking-backend (memory)
[2026-08-05T09:55:27.336Z] Throttled alert -> corebanking-backend (memory)
[2026-08-05T09:55:37.337Z] Throttled alert -> corebanking-backend (memory)
[2026-08-05T09:55:47.338Z] Throttled alert -> corebanking-backend (memory)
[2026-08-05T09:55:57.338Z] Throttled alert -> corebanking-backend (memory)
[2026-08-05T09:56:07.340Z] Throttled alert -> corebanking-backend (memory)
[2026-08-05T09:56:17.340Z] Throttled alert -> corebanking-backend (memory)
[2026-08-05T09:56:27.340Z] Throttled alert -> corebanking-backend (memory)
[2026-08-05T09:56:37.342Z] Throttled alert -> corebanking-backend (memory)
[2026-08-05T09:56:47.341Z] Throttled alert -> corebanking-backend (memory)
[2026-08-05T09:56:57.342Z] Throttled alert -> corebanking-backend (memory)
[2026-08-05T09:57:07.342Z] Throttled alert -> corebanking-backend (memory)
[2026-08-05T09:57:17.343Z] Throttled alert -> corebanking-backend (memory)
[2026-08-05T09:57:27.342Z] Throttled alert -> corebanking-backend (memory)
[2026-08-05T09:57:37.343Z] Throttled alert -> corebanking-backend (memory)
[2026-08-05T09:57:47.344Z] Throttled alert -> corebanking-backend (memory)
[2026-08-05T09:57:57.343Z] Throttled alert -> corebanking-backend (memory)
[2026-08-05T09:58:07.345Z] Throttled alert -> corebanking-backend (memory)
[2026-08-05T09:58:17.346Z] Throttled alert -> corebanking-backend (memory)
[2026-08-05T09:58:27.348Z] Throttled alert -> corebanking-backend (memory)
[2026-08-05T09:58:37.347Z] Throttled alert -> corebanking-backend (memory)
[2026-08-05T09:58:47.348Z] Throttled alert -> corebanking-backend (memory)
[2026-08-05T09:58:57.347Z] Throttled alert -> corebanking-backend (memory)
[2026-08-05T09:59:07.348Z] Throttled alert -> corebanking-backend (memory)
[2026-08-05T09:59:17.349Z] Throttled alert -> corebanking-backend (memory)
[2026-08-05T09:59:27.350Z] Throttled alert -> corebanking-backend (memory)
[2026-08-05T09:59:37.351Z] Throttled alert -> corebanking-backend (memory)
[2026-08-05T09:59:47.353Z] Throttled alert -> corebanking-backend (memory)
[2026-08-05T09:59:57.353Z] ALERT: 🟠 corebanking-backend memory high: 6761 MB (threshold 5500 MB)
[2026-08-05T10:00:07.353Z] Throttled alert -> corebanking-backend (memory)
[2026-08-05T10:00:17.353Z] Throttled alert -> corebanking-backend (memory)
[2026-08-05T10:00:27.353Z] Throttled alert -> corebanking-backend (memory)
[2026-08-05T10:00:37.355Z] Throttled alert -> corebanking-backend (memory)
[2026-08-05T10:00:47.355Z] Throttled alert -> corebanking-backend (memory)
[2026-08-05T10:00:57.354Z] Throttled alert -> corebanking-backend (memory)
[2026-08-05T10:01:07.356Z] Throttled alert -> corebanking-backend (memory)
[2026-08-05T10:01:17.354Z] Throttled alert -> corebanking-backend (memory)
[2026-08-05T10:01:27.356Z] Throttled alert -> corebanking-backend (memory)
[2026-08-05T10:01:37.358Z] Throttled alert -> corebanking-backend (memory)
[2026-08-05T10:01:47.359Z] Throttled alert -> corebanking-backend (memory)
[2026-08-05T10:01:57.359Z] Throttled alert -> corebanking-backend (memory)
[2026-08-05T10:02:07.359Z] Throttled alert -> corebanking-backend (memory)
[2026-08-05T10:02:17.358Z] Throttled alert -> corebanking-backend (memory)
[2026-08-05T10:02:27.359Z] Throttled alert -> corebanking-backend (memory)
[2026-08-05T10:02:37.360Z] Throttled alert -> corebanking-backend (memory)
[2026-08-05T10:02:47.360Z] Throttled alert -> corebanking-backend (memory)
[2026-08-05T10:02:57.360Z] Throttled alert -> corebanking-backend (memory)
[2026-08-05T10:03:07.362Z] Throttled alert -> corebanking-backend (memory)
[2026-08-05T10:03:17.363Z] Throttled alert -> corebanking-backend (memory)
[2026-08-05T10:03:27.361Z] Throttled alert -> corebanking-backend (memory)
[2026-08-05T10:03:37.361Z] Throttled alert -> corebanking-backend (memory)
[2026-08-05T10:03:47.362Z] Throttled alert -> corebanking-backend (memory)
[2026-08-05T10:03:57.363Z] Throttled alert -> corebanking-backend (memory)
[2026-08-05T10:04:07.363Z] Throttled alert -> corebanking-backend (memory)
[2026-08-05T10:04:17.365Z] Throttled alert -> corebanking-backend (memory)
[2026-08-05T10:04:27.363Z] Throttled alert -> corebanking-backend (memory)
[2026-08-05T10:04:37.366Z] Throttled alert -> corebanking-backend (memory)
[2026-08-05T10:04:47.365Z] Throttled alert -> corebanking-backend (memory)
[2026-08-05T10:04:57.367Z] ALERT: 🟠 corebanking-backend memory high: 6761 MB (threshold 5500 MB)
[2026-08-05T10:05:07.367Z] Throttled alert -> corebanking-backend (memory)
[2026-08-05T10:05:17.367Z] Throttled alert -> corebanking-backend (memory)
[2026-08-05T10:05:27.368Z] Throttled alert -> corebanking-backend (memory)
[2026-08-05T10:05:37.369Z] Throttled alert -> corebanking-backend (memory)
[2026-08-05T10:05:47.368Z] Throttled alert -> corebanking-backend (memory)
[2026-08-05T10:05:57.370Z] Throttled alert -> corebanking-backend (memory)
[2026-08-05T10:06:07.371Z] Throttled alert -> corebanking-backend (memory)
[2026-08-05T10:06:17.372Z] Throttled alert -> corebanking-backend (memory)
[2026-08-05T10:06:27.371Z] Throttled alert -> corebanking-backend (memory)
[2026-08-05T10:06:37.373Z] Throttled alert -> corebanking-backend (memory)
[2026-08-05T10:06:47.373Z] Throttled alert -> corebanking-backend (memory)
[2026-08-05T10:06:57.375Z] Throttled alert -> corebanking-backend (memory)
[2026-08-05T10:07:07.376Z] Throttled alert -> corebanking-backend (memory)
[2026-08-05T10:07:17.377Z] Throttled alert -> corebanking-backend (memory)
[2026-08-05T10:07:27.377Z] Throttled alert -> corebanking-backend (memory)
[2026-08-05T10:07:37.377Z] Throttled alert -> corebanking-backend (memory)
[2026-08-05T10:07:47.379Z] Throttled alert -> corebanking-backend (memory)
[2026-08-05T10:07:57.380Z] Throttled alert -> corebanking-backend (memory)
[2026-08-05T10:08:07.381Z] Throttled alert -> corebanking-backend (memory)
[2026-08-05T10:08:17.379Z] Throttled alert -> corebanking-backend (memory)
[2026-08-05T10:08:27.380Z] Throttled alert -> corebanking-backend (memory)
[2026-08-05T10:08:37.381Z] Throttled alert -> corebanking-backend (memory)
[2026-08-05T10:08:47.382Z] Throttled alert -> corebanking-backend (memory)
[2026-08-05T10:08:57.382Z] Throttled alert -> corebanking-backend (memory)
[2026-08-05T10:09:07.383Z] Throttled alert -> corebanking-backend (memory)
[2026-08-05T10:09:17.384Z] Throttled alert -> corebanking-backend (memory)
[2026-08-05T10:09:27.384Z] Throttled alert -> corebanking-backend (memory)
[2026-08-05T10:09:37.386Z] Throttled alert -> corebanking-backend (memory)
[2026-08-05T10:09:47.386Z] Throttled alert -> corebanking-backend (memory)
[2026-08-05T10:09:57.384Z] ALERT: 🟠 corebanking-backend memory high: 6761 MB (threshold 5500 MB)
[2026-08-05T10:10:07.385Z] Throttled alert -> corebanking-backend (memory)
[2026-08-05T10:10:17.386Z] Throttled alert -> corebanking-backend (memory)
[2026-08-05T10:10:27.386Z] Throttled alert -> corebanking-backend (memory)
[2026-08-05T10:10:37.386Z] Throttled alert -> corebanking-backend (memory)
[2026-08-05T10:10:47.386Z] Throttled alert -> corebanking-backend (memory)
[2026-08-05T10:10:57.386Z] Throttled alert -> corebanking-backend (memory)
[2026-08-05T10:11:07.387Z] Throttled alert -> corebanking-backend (memory)
[2026-08-05T10:11:17.388Z] Throttled alert -> corebanking-backend (memory)
[2026-08-05T10:11:27.387Z] Throttled alert -> corebanking-backend (memory)
[2026-08-05T10:11:37.389Z] Throttled alert -> corebanking-backend (memory)
[2026-08-05T10:11:47.389Z] Throttled alert -> corebanking-backend (memory)
[2026-08-05T10:11:57.390Z] Throttled alert -> corebanking-backend (memory)
[2026-08-05T10:12:07.389Z] Throttled alert -> corebanking-backend (memory)
[2026-08-05T10:12:17.389Z] Throttled alert -> corebanking-backend (memory)
[2026-08-05T10:12:27.391Z] Throttled alert -> corebanking-backend (memory)
[2026-08-05T10:12:37.392Z] Throttled alert -> corebanking-backend (memory)
[2026-08-05T10:12:47.393Z] Throttled alert -> corebanking-backend (memory)
[2026-08-05T10:12:57.394Z] Throttled alert -> corebanking-backend (memory)
[2026-08-05T10:13:07.392Z] Throttled alert -> corebanking-backend (memory)
[2026-08-05T10:13:17.393Z] Throttled alert -> corebanking-backend (memory)
[2026-08-05T10:13:27.395Z] Throttled alert -> corebanking-backend (memory)
[2026-08-05T10:13:37.395Z] Throttled alert -> corebanking-backend (memory)
[2026-08-05T10:13:47.395Z] Throttled alert -> corebanking-backend (memory)
[2026-08-05T10:13:57.396Z] Throttled alert -> corebanking-backend (memory)
[2026-08-05T10:14:07.397Z] Throttled alert -> corebanking-backend (memory)
[2026-08-05T10:14:17.397Z] Throttled alert -> corebanking-backend (memory)
[2026-08-05T10:14:27.399Z] Throttled alert -> corebanking-backend (memory)
[2026-08-05T10:14:37.400Z] Throttled alert -> corebanking-backend (memory)
[2026-08-05T10:14:47.400Z] Throttled alert -> corebanking-backend (memory)
[2026-08-05T10:14:57.400Z] ALERT: 🟠 corebanking-backend memory high: 6761 MB (threshold 5500 MB)
[2026-08-05T10:15:07.400Z] Throttled alert -> corebanking-backend (memory)
[2026-08-05T10:15:17.402Z] Throttled alert -> corebanking-backend (memory)
[2026-08-05T10:15:27.401Z] Throttled alert -> corebanking-backend (memory)
[2026-08-05T10:15:37.402Z] Throttled alert -> corebanking-backend (memory)
[2026-08-05T10:15:47.404Z] Throttled alert -> corebanking-backend (memory)
[2026-08-05T10:15:57.403Z] Throttled alert -> corebanking-backend (memory)
[2026-08-05T10:16:07.406Z] Throttled alert -> corebanking-backend (memory)
[2026-08-05T10:16:17.404Z] Throttled alert -> corebanking-backend (memory)
[2026-08-05T10:16:27.405Z] Throttled alert -> corebanking-backend (memory)
[2026-08-05T10:16:37.406Z] Throttled alert -> corebanking-backend (memory)
[2026-08-05T10:16:47.407Z] Throttled alert -> corebanking-backend (memory)
[2026-08-05T10:16:57.407Z] Throttled alert -> corebanking-backend (memory)
[2026-08-05T10:17:07.406Z] Throttled alert -> corebanking-backend (memory)
[2026-08-05T10:17:17.406Z] Throttled alert -> corebanking-backend (memory)
[2026-08-05T10:17:27.406Z] Throttled alert -> corebanking-backend (memory)
[2026-08-05T10:17:37.408Z] Throttled alert -> corebanking-backend (memory)
[2026-08-05T10:17:47.408Z] Throttled alert -> corebanking-backend (memory)
[2026-08-05T10:17:57.409Z] Throttled alert -> corebanking-backend (memory)
[2026-08-05T10:18:07.410Z] Throttled alert -> corebanking-backend (memory)
[2026-08-05T10:18:17.411Z] Throttled alert -> corebanking-backend (memory)
[2026-08-05T10:18:27.410Z] Throttled alert -> corebanking-backend (memory)
[2026-08-05T10:18:37.413Z] Throttled alert -> corebanking-backend (memory)
[2026-08-05T10:18:47.413Z] Throttled alert -> corebanking-backend (memory)
[2026-08-05T10:18:57.414Z] Throttled alert -> corebanking-backend (memory)
[2026-08-05T10:19:07.414Z] Throttled alert -> corebanking-backend (memory)
[2026-08-05T10:19:17.414Z] Throttled alert -> corebanking-backend (memory)
[2026-08-05T10:19:27.414Z] Throttled alert -> corebanking-backend (memory)
[2026-08-05T10:19:37.415Z] Throttled alert -> corebanking-backend (memory)
[2026-08-05T10:19:47.416Z] Throttled alert -> corebanking-backend (memory)
[2026-08-05T10:19:57.416Z] ALERT: 🟠 corebanking-backend memory high: 6761 MB (threshold 5500 MB)
[2026-08-05T10:20:07.418Z] Throttled alert -> corebanking-backend (memory)
[2026-08-05T10:20:17.418Z] Throttled alert -> corebanking-backend (memory)
[2026-08-05T10:20:27.418Z] Throttled alert -> corebanking-backend (memory)
[2026-08-05T10:20:37.418Z] Throttled alert -> corebanking-backend (memory)
[2026-08-05T10:20:47.419Z] Throttled alert -> corebanking-backend (memory)
[2026-08-05T10:51:31.746Z] Received SIGINT, saving state and exiting...
[2026-08-05T10:58:59.829Z] Dashboard listening on http://0.0.0.0:3099
[2026-08-05T10:58:59.869Z] PM2 event bus connected
[2026-08-05T11:06:52.399Z] Received SIGINT, saving state and exiting...
[2026-08-05T11:06:54.335Z] Dashboard listening on http://localhost:3099
[2026-08-05T11:06:54.373Z] PM2 event bus connected
[2026-08-05T11:15:20.160Z] Received SIGINT, saving state and exiting...
[2026-08-05T11:15:25.721Z] Dashboard listening on http://0.0.0.0:3099
[2026-08-05T11:15:25.762Z] PM2 event bus connected
[2026-08-05T11:33:24.196Z] Received SIGINT, saving state and exiting...
